
> koa-smart@2.2.0 test /Users/mac/Documents/yso_corp/koa-smart
> npm run build-prod && cross-env NODE_ENV=test mocha --opts mocha.opts


> koa-smart@2.2.0 build-prod /Users/mac/Documents/yso_corp/koa-smart
> rimraf dist && cross-env NODE_ENV=production npx tsc



  Route
    Methode
      _mlTestParams()
TCL: _mlTestParams -> cloneType { error: undefined,
  errors: null,
  cloneType:
   TypeObject {
     _TypeError:
      { ALL: 'ALL',
        REQUIRED: 'REQUIRED',
        IS_NULL: 'IS_NULL',
        INVALID_TYPE: 'INVALID_TYPE',
        INVALID_VALUE: 'INVALID_VALUE' },
     _type: 'object',
     _hasError: false,
     _isValueNull: false,
     _errorCodes:
      { ALL: 1,
        REQUIRED: 2,
        IS_NULL: 3,
        INVALID_TYPE: 4,
        INVALID_VALUE: 5 },
     _errorMessages:
      { ALL: null,
        REQUIRED: [Function],
        IS_NULL: [Function],
        INVALID_TYPE: [Function],
        INVALID_VALUE: [Function] },
     _isRequired: false,
     _notNull: false,
     _default: undefined,
     _value: { not_in_body: undefined },
     _getErrorInvalidValue: [Function],
     _getDescription: [Function],
     _i18nConfig:
      { directory: '/Users/mac/Documents/yso_corp/koa-smart/test/locales/types',
        locales: [Array],
        extension: '.json' },
     _i18n:
      { devMode: true,
        directory: '/Users/mac/Documents/yso_corp/koa-smart/test/locales/types',
        locales: [Object],
        extension: '.json',
        defaultLocale: 'en',
        locale: 'en' },
     _schema: { not_in_body: [TypeObject] },
     _errors: {},
     _error: '' } }
TCL: route Route {
  koaApp: undefined,
  prefix: undefined,
  allRoutesInstance: undefined,
  models: undefined,
  disable: undefined,
  middlewares: [],
  koaRouter:
   Router {
     opts: {},
     methods:
      [ 'HEAD', 'OPTIONS', 'GET', 'PUT', 'PATCH', 'POST', 'DELETE' ],
     params: {},
     stack: [] } }
        1) should throw error if elem is force but it is not in body


  0 passing (73ms)
  1 failing

  1) Route
       Methode
         _mlTestParams()
           should throw error if elem is force but it is not in body:
     Error: should throw error if elem is force but it is not in body
      at Context.<anonymous> (test/routes/Route.spec.js:91:13)



